
Trap Received:
  Datetime: 2026-01-28 19:04:11.107851
  1.3.6.1.2.1.1.3.0 = 0
  1.3.6.1.6.3.1.1.4.1.0 = 1.3.6.1.6.3.1.1.5.3
  1.3.6.1.2.1.1.1.0 = Trap enviado desde Python (PySNMP asyncio)
Trap Received:
  Datetime: 2026-01-28 19:04:13.557476
  1.3.6.1.2.1.1.3.0 = 0
  1.3.6.1.6.3.1.1.4.1.0 = 1.3.6.1.6.3.1.1.5.3
  1.3.6.1.2.1.1.1.0 = Trap enviado desde Python (PySNMP asyncio)
Trap Received:
  Datetime: 2026-01-28 19:04:16.116582
  1.3.6.1.2.1.1.3.0 = 0
  1.3.6.1.6.3.1.1.4.1.0 = 1.3.6.1.6.3.1.1.5.3
  1.3.6.1.2.1.1.1.0 = Trap enviado desde Python (PySNMP asyncio)
Trap Received:
  Datetime: 2026-01-28 19:04:21.954103
  1.3.6.1.2.1.1.3.0 = 0
  1.3.6.1.6.3.1.1.4.1.0 = 1.3.6.1.6.3.1.1.5.3
  1.3.6.1.2.1.1.1.0 = Trap enviado desde Python (PySNMP asyncio)
Trap Received:
  Datetime: 2026-01-28 19:13:49.313293
  1.3.6.1.2.1.1.3.0 = 0
  1.3.6.1.6.3.1.1.4.1.0 = 1.3.6.1.6.3.1.1.5.3
  1.3.6.1.2.1.1.1.0 = Trap enviado desde Python (PySNMP asyncio)
Trap Received:
  Datetime: 2026-01-28 20:48:45.159551
  1.3.6.1.2.1.1.3.0 = 0
  1.3.6.1.6.3.1.1.4.1.0 = 1.3.6.1.6.3.1.1.5.3
  1.3.6.1.2.1.1.1.0 = Trap enviado desde Python (PySNMP asyncio)
Trap Received:
  Datetime: 2026-01-28 20:57:19.056937
  1.3.6.1.2.1.1.3.0 = 0
  1.3.6.1.6.3.1.1.4.1.0 = 1.3.6.1.6.3.1.1.5.3
  1.3.6.1.2.1.1.1.0 = Trap enviado desde Python (PySNMP asyncio)
Trap Received:
  Datetime: 2026-01-28 20:57:41.014495
  1.3.6.1.2.1.1.3.0 = 0
  1.3.6.1.6.3.1.1.4.1.0 = 1.3.6.1.6.3.1.1.5.3
  1.3.6.1.2.1.1.1.0 = Trap enviado desde Python (PySNMP asyncio)
Trap Received:
  Datetime: 2026-01-28 20:58:17.662523
  1.3.6.1.2.1.1.3.0 = 0
  1.3.6.1.6.3.1.1.4.1.0 = 1.3.6.1.6.3.1.1.5.3
  1.3.6.1.2.1.1.1.0 = Trap enviado desde Python (PySNMP asyncio) - Systemctl
Trap Received:
  Datetime: 2026-01-28 20:58:19.694343
  1.3.6.1.2.1.1.3.0 = 0
  1.3.6.1.6.3.1.1.4.1.0 = 1.3.6.1.6.3.1.1.5.3
  1.3.6.1.2.1.1.1.0 = Trap enviado desde Python (PySNMP asyncio) - Systemctl
Trap Received:
  Datetime: 2026-01-28 21:05:01.433033
  1.3.6.1.2.1.1.3.0 = 0
  1.3.6.1.6.3.1.1.4.1.0 = 1.3.6.1.6.3.1.1.5.3
  1.3.6.1.2.1.1.1.0 = Trap enviado desde Python (PySNMP asyncio) - Systemctl
Trap Received:
  Datetime: 2026-01-28 21:05:09.474429
  1.3.6.1.2.1.1.3.0 = 0
  1.3.6.1.6.3.1.1.4.1.0 = 1.3.6.1.6.3.1.1.5.3
  1.3.6.1.2.1.1.1.0 = Trap enviado desde Python (PySNMP asyncio) - Systemctl
Trap Received:
  Datetime: 2026-01-28 21:05:11.902708
  1.3.6.1.2.1.1.3.0 = 0
  1.3.6.1.6.3.1.1.4.1.0 = 1.3.6.1.6.3.1.1.5.3
  1.3.6.1.2.1.1.1.0 = Trap enviado desde Python (PySNMP asyncio) - Systemctl
Trap Received:
  Datetime: 2026-01-28 21:05:13.887696
  1.3.6.1.2.1.1.3.0 = 0
  1.3.6.1.6.3.1.1.4.1.0 = 1.3.6.1.6.3.1.1.5.3
  1.3.6.1.2.1.1.1.0 = Trap enviado desde Python (PySNMP asyncio) - Systemctl
Trap Received:
  Datetime: 2026-01-28 21:32:23.052767
  1.3.6.1.2.1.1.3.0 = 0
  1.3.6.1.6.3.1.1.4.1.0 = 1.3.6.1.6.3.1.1.5.3
  1.3.6.1.2.1.1.1.0 = Trap enviado desde Python (PySNMP asyncio) - Systemctl
Trap Received:
  Datetime: 2026-01-28 21:34:02.533483
  1.3.6.1.2.1.1.3.0 = 0
  1.3.6.1.6.3.1.1.4.1.0 = 1.3.6.1.6.3.1.1.5.3
  1.3.6.1.4.1.99999.1.1 = Trap de prueba ARGUS
  1.3.6.1.4.1.99999.1.2 = 192.168.0.19
  1.3.6.1.4.1.99999.1.3 = 192.168.0.19
Trap Received:
  Datetime: 2026-01-28 21:36:10.414757
  1.3.6.1.2.1.1.3.0 = 0
  1.3.6.1.6.3.1.1.4.1.0 = 1.3.6.1.6.3.1.1.5.3
  1.3.6.1.4.1.99999.1.1 = Trap de prueba ARGUS
  1.3.6.1.4.1.99999.1.2 = 192.168.0.19
  1.3.6.1.4.1.99999.1.3 = 192.168.0.19